开始转换……
小程序路径:  D:/山羊goat项目/网球场馆小程序
搜索到94个文件(含目录)，耗时：1ms

开始分析文件
分析文件信息完成，共13组数据
开始转换文件组为vue文件
转换进度: 1 / 26   fileKey：app
转换进度: 2 / 26   fileKey：components/cloudTipModal/index
转换进度: 3 / 26   fileKey：envList
转换进度: 4 / 26   fileKey：pages/booking/booking
转换进度: 5 / 26   fileKey：pages/coach/coach
转换进度: 6 / 26   fileKey：pages/coach-detail/coach-detail
转换进度: 7 / 26   fileKey：pages/coach-edit/coach-edit
转换进度: 8 / 26   fileKey：pages/coach-workbench/coach-workbench
转换进度: 9 / 26   fileKey：pages/example/index
转换进度: 10 / 26   fileKey：pages/index/index
转换进度: 11 / 26   fileKey：pages/my/my
转换进度: 12 / 26   fileKey：pages/mybooking/mybooking
转换进度: 13 / 26   fileKey：sitemap
开始二次遍历及生成vue文件
转换进度: 14 / 26   fileKey：app
转换进度: 15 / 26   fileKey：components/cloudTipModal/index
转换进度: 16 / 26   fileKey：envList
转换进度: 17 / 26   fileKey：pages/booking/booking
转换进度: 18 / 26   fileKey：pages/coach/coach
转换进度: 19 / 26   fileKey：pages/coach-detail/coach-detail
转换进度: 20 / 26   fileKey：pages/coach-edit/coach-edit
转换进度: 21 / 26   fileKey：pages/coach-workbench/coach-workbench
转换进度: 22 / 26   fileKey：pages/example/index
转换进度: 23 / 26   fileKey：pages/index/index
转换进度: 24 / 26   fileKey：pages/my/my
转换进度: 25 / 26   fileKey：pages/mybooking/mybooking
转换进度: 26 / 26   fileKey：sitemap
write pages.json success!
write manifest.json success!
write main.js success!
write package.json success!


统计信息：

Component数量: 1
Page数量: 9
支付api数量: 0
登录api数量: 0
chooseMedia数量: 1
getLocation数量: 0
getRelationNodes数量: 0
<ad/>数量: 0
<map/>数量: 0
<video/>数量: 0
Vant组件: ， 数量：0

项目转换完成！
用时: 5.175s
工具版本：v2.2.6
在该小程序项目的同级目录可以看到_uni结尾的项目，即是转换好的uniapp项目，相关日志在该目录里。

使用说明：
    1.因各种原因，本工具并非100%完美转换！部分语法仍需人工处理！
    2.工具转换原理及说明文档参考：https://l4rz4zwpx7.k.topthink.com/@kmrvzg72lx/
    3.如遇运行报错，请添加QQ群(五群：536178289)带图反馈或https://github.com/zhangdaren/miniprogram-to-uniapp提交Issue！
    4.转换后请查阅_uni目录或_uni-cli目录里的 README.md 和 transform.log


